\BOOKMARK [0][-]{chapter*.1}{\376\377\000P\000r\000e\000f\000a\000c\000e}{}% 1
\BOOKMARK [0][-]{chapter*.2}{\376\377\000S\000u\000m\000m\000a\000r\000y}{}% 2
\BOOKMARK [0][-]{chapter*.4}{\376\377\000N\000o\000m\000e\000n\000c\000l\000a\000t\000u\000r\000e}{}% 3
\BOOKMARK [0][-]{chapter.1}{\376\377\000I\000n\000t\000r\000o\000d\000u\000c\000t\000i\000o\000n}{}% 4
\BOOKMARK [0][-]{chapter.2}{\376\377\000F\000r\000o\000m\000\040\000C\000o\000m\000p\000r\000e\000s\000s\000i\000b\000i\000l\000i\000t\000y\000\040\000t\000o\000\040\000L\000i\000g\000h\000t\000\040\000R\000e\000f\000r\000a\000c\000t\000i\000o\000n}{}% 5
\BOOKMARK [1][-]{section.2.1}{\376\377\000C\000o\000m\000p\000r\000e\000s\000s\000i\000b\000i\000l\000i\000t\000y\000\040\000a\000n\000d\000\040\000D\000e\000n\000s\000i\000t\000y}{chapter.2}% 6
\BOOKMARK [1][-]{section.2.2}{\376\377\000C\000o\000m\000p\000r\000e\000s\000s\000i\000b\000l\000e\000\040\000J\000e\000t\000s}{chapter.2}% 7
\BOOKMARK [1][-]{section.2.3}{\376\377\000A\000e\000r\000o\000s\000p\000i\000k\000e\000\040\000N\000o\000z\000z\000l\000e\000\040\000F\000l\000o\000w}{chapter.2}% 8
\BOOKMARK [1][-]{section.2.4}{\376\377\000R\000e\000f\000r\000a\000c\000t\000i\000o\000n}{chapter.2}% 9
\BOOKMARK [2][-]{subsection.2.4.1}{\376\377\000A\000x\000i\000s\000y\000m\000m\000e\000t\000r\000i\000c\000\040\000R\000e\000f\000r\000a\000c\000t\000i\000v\000e\000\040\000F\000i\000e\000l\000d}{section.2.4}% 10
\BOOKMARK [0][-]{chapter.3}{\376\377\000O\000p\000t\000i\000c\000a\000l\000\040\000D\000e\000n\000s\000i\000t\000y\000\040\000M\000e\000a\000s\000u\000r\000e\000m\000e\000n\000t\000\040\000T\000e\000c\000h\000n\000i\000q\000u\000e\000s}{}% 11
\BOOKMARK [1][-]{section.3.1}{\376\377\000C\000l\000a\000s\000s\000i\000c\000a\000l\000\040\000M\000e\000t\000h\000o\000d\000s}{chapter.3}% 12
\BOOKMARK [1][-]{section.3.2}{\376\377\000B\000a\000c\000k\000g\000r\000o\000u\000n\000d\000\040\000O\000r\000i\000e\000n\000t\000e\000d\000\040\000S\000c\000h\000l\000i\000e\000r\000e\000n}{chapter.3}% 13
\BOOKMARK [2][-]{subsection.3.2.1}{\376\377\000O\000p\000t\000i\000c\000a\000l\000\040\000S\000p\000a\000t\000i\000a\000l\000\040\000R\000e\000s\000o\000l\000u\000t\000i\000o\000n}{section.3.2}% 14
\BOOKMARK [2][-]{subsection.3.2.2}{\376\377\000I\000m\000a\000g\000i\000n\000g\000\040\000h\000a\000r\000d\000w\000a\000r\000e\000\040\000a\000n\000d\000\040\000p\000o\000s\000t\000-\000p\000r\000o\000c\000e\000s\000s\000i\000n\000g}{section.3.2}% 15
\BOOKMARK [2][-]{subsection.3.2.3}{\376\377\000V\000a\000r\000i\000a\000n\000t\000s\000\040\000o\000f\000\040\000B\000O\000S}{section.3.2}% 16
\BOOKMARK [1][-]{section.3.3}{\376\377\000L\000a\000s\000e\000r\000\040\000S\000p\000e\000c\000k\000l\000e\000d\000\040\000B\000a\000c\000k\000g\000r\000o\000u\000n\000d\000\040\000O\000r\000i\000e\000n\000t\000e\000d\000\040\000S\000c\000h\000l\000i\000e\000r\000e\000n}{chapter.3}% 17
\BOOKMARK [2][-]{subsection.3.3.1}{\376\377\000L\000i\000m\000i\000t\000a\000t\000i\000o\000n\000s\000,\000\040\000a\000c\000c\000u\000r\000a\000c\000y\000\040\000a\000n\000d\000\040\000u\000n\000c\000e\000r\000t\000a\000i\000n\000t\000y\000\040\000o\000f\000\040\000S\000B\000O\000S}{section.3.3}% 18
\BOOKMARK [1][-]{section.3.4}{\376\377\000R\000e\000s\000e\000a\000r\000c\000h\000\040\000G\000a\000p}{chapter.3}% 19
\BOOKMARK [0][-]{chapter.4}{\376\377\000D\000e\000s\000i\000g\000n\000\040\000G\000u\000i\000d\000e\000l\000i\000n\000e\000s\000\040\000o\000f\000\040\000B\000O\000S\000\040\000S\000e\000t\000u\000p\000s}{}% 20
\BOOKMARK [1][-]{section.4.1}{\376\377\000G\000e\000o\000m\000e\000t\000r\000i\000e\000s\000\040\000o\000f\000\040\000a\000\040\000S\000B\000O\000S\000\040\000o\000p\000t\000i\000c\000a\000l\000\040\000s\000e\000t\000u\000p}{chapter.4}% 21
\BOOKMARK [2][-]{subsection.4.1.1}{\376\377\000P\000o\000s\000i\000t\000i\000v\000e\000\040\000d\000e\000f\000o\000c\000u\000s\000\040\000s\000e\000t\000u\000p}{section.4.1}% 22
\BOOKMARK [2][-]{subsection.4.1.2}{\376\377\000N\000e\000g\000a\000t\000i\000v\000e\000\040\000d\000e\000f\000o\000c\000u\000s\000\040\000s\000e\000t\000u\000p}{section.4.1}% 23
\BOOKMARK [1][-]{section.4.2}{\376\377\000S\000e\000n\000s\000i\000t\000i\000v\000i\000t\000y\000-\000R\000e\000s\000o\000l\000u\000t\000i\000o\000n\000\040\000R\000a\000t\000i\000o}{chapter.4}% 24
\BOOKMARK [1][-]{section.4.3}{\376\377\000D\000e\000s\000i\000g\000n\000\040\000S\000t\000r\000a\000t\000e\000g\000y}{chapter.4}% 25
\BOOKMARK [2][-]{subsection.4.3.1}{\376\377\000S\000u\000r\000f\000a\000c\000e\000\040\000M\000a\000p\000s\000\040\000f\000o\000r\000\040\000n\000e\000g\000a\000t\000i\000v\000e\000\040\000d\000e\000f\000o\000c\000u\000s\000\040\000s\000e\000t\000u\000p}{section.4.3}% 26
\BOOKMARK [2][-]{subsection.4.3.2}{\376\377\000S\000u\000r\000f\000a\000c\000e\000\040\000M\000a\000p\000s\000\040\000f\000o\000r\000\040\000p\000o\000s\000i\000t\000i\000v\000e\000\040\000d\000e\000f\000o\000c\000u\000s\000\040\000s\000e\000t\000u\000p}{section.4.3}% 27
\BOOKMARK [2][-]{subsection.4.3.3}{\376\377\000E\000f\000f\000e\000c\000t\000\040\000o\000f\000\040\000F\000o\000V}{section.4.3}% 28
\BOOKMARK [1][-]{section.4.4}{\376\377\000S\000R\000\040\000c\000r\000i\000t\000e\000r\000i\000o\000n}{chapter.4}% 29
\BOOKMARK [1][-]{section.4.5}{\376\377\000S\000u\000m\000m\000a\000r\000y\000\040\000o\000f\000\040\000D\000e\000s\000i\000g\000n\000\040\000G\000u\000i\000d\000e\000l\000i\000n\000e\000s}{chapter.4}% 30
\BOOKMARK [0][-]{chapter.5}{\376\377\000E\000x\000p\000e\000r\000i\000m\000e\000n\000t\000a\000l\000\040\000S\000e\000t\000u\000p\000s}{}% 31
\BOOKMARK [1][-]{section.5.1}{\376\377\000A\000n\000g\000l\000e\000d\000\040\000G\000l\000a\000s\000s\000\040\000E\000x\000p\000e\000r\000i\000m\000e\000n\000t\000s}{chapter.5}% 32
\BOOKMARK [1][-]{section.5.2}{\376\377\000S\000p\000e\000c\000k\000l\000e\000\040\000P\000a\000t\000t\000e\000r\000n\000\040\000I\000n\000v\000e\000s\000t\000i\000g\000a\000t\000i\000o\000n}{chapter.5}% 33
\BOOKMARK [1][-]{section.5.3}{\376\377\000C\000o\000m\000p\000r\000e\000s\000s\000i\000b\000l\000e\000\040\000J\000e\000t\000\040\000E\000x\000p\000e\000r\000i\000m\000e\000n\000t}{chapter.5}% 34
\BOOKMARK [1][-]{section.5.4}{\376\377\000A\000e\000r\000o\000s\000p\000i\000k\000e\000\040\000E\000x\000p\000e\000r\000i\000m\000e\000n\000t}{chapter.5}% 35
\BOOKMARK [0][-]{chapter.6}{\376\377\000R\000e\000s\000u\000l\000t\000s}{}% 36
\BOOKMARK [1][-]{section.6.1}{\376\377\000A\000n\000g\000l\000e\000d\000\040\000G\000l\000a\000s\000s\000\040\000E\000x\000p\000e\000r\000i\000m\000e\000n\000t\000\040\000R\000e\000s\000u\000l\000t\000s}{chapter.6}% 37
\BOOKMARK [1][-]{section.6.2}{\376\377\000S\000p\000e\000c\000k\000l\000e\000\040\000P\000a\000t\000t\000e\000r\000n\000\040\000I\000n\000v\000e\000s\000t\000i\000g\000a\000t\000i\000o\000n\000\040\000R\000e\000s\000u\000l\000t\000s}{chapter.6}% 38
\BOOKMARK [1][-]{section.6.3}{\376\377\000C\000o\000m\000p\000r\000e\000s\000s\000i\000b\000l\000e\000\040\000J\000e\000t\000\040\000E\000x\000p\000e\000r\000i\000m\000e\000n\000t\000\040\000R\000e\000s\000u\000l\000t\000s}{chapter.6}% 39
\BOOKMARK [2][-]{subsection.6.3.1}{\376\377\000Q\000u\000a\000n\000t\000i\000t\000a\000t\000i\000v\000e\000\040\000D\000e\000n\000s\000i\000t\000y\000\040\000F\000i\000e\000l\000d}{section.6.3}% 40
\BOOKMARK [1][-]{section.6.4}{\376\377\000A\000e\000r\000o\000s\000p\000i\000k\000e\000\040\000E\000x\000p\000e\000r\000i\000m\000e\000n\000t\000\040\000R\000e\000s\000u\000l\000t\000s}{chapter.6}% 41
\BOOKMARK [0][-]{chapter.7}{\376\377\000C\000o\000n\000c\000l\000u\000s\000i\000o\000n}{}% 42
\BOOKMARK [0][-]{chapter*.72}{\376\377\000R\000e\000f\000e\000r\000e\000n\000c\000e\000s}{}% 43
\BOOKMARK [0][-]{appendix.A}{\376\377\000D\000e\000r\000i\000v\000a\000t\000i\000o\000n\000\040\000o\000f\000\040\000t\000h\000e\000\040\000C\000i\000r\000c\000l\000e\000\040\000o\000f\000\040\000C\000o\000n\000f\000u\000s\000i\000o\000n}{}% 44
\BOOKMARK [0][-]{appendix.B}{\376\377\000O\000p\000t\000i\000c\000s\000\040\000o\000f\000\040\000a\000\040\000B\000l\000u\000r\000r\000e\000d\000\040\000O\000b\000j\000e\000c\000t}{}% 45
\BOOKMARK [0][-]{appendix.C}{\376\377\000E\000x\000t\000e\000n\000d\000e\000d\000\040\000D\000e\000s\000i\000g\000n\000\040\000S\000p\000a\000c\000e\000\040\000S\000u\000r\000f\000a\000c\000e\000\040\000M\000a\000p\000s}{}% 46
\BOOKMARK [1][-]{appendix.C.1}{\376\377\000P\000i\000x\000e\000l\000\040\000d\000e\000n\000s\000i\000t\000y\000\040\000a\000n\000d\000\040\000i\000n\000-\000f\000o\000c\000u\000s\000\040\000f\000i\000e\000l\000d\000\040\000o\000f\000\040\000v\000i\000e\000w}{appendix.C}% 47
\BOOKMARK [1][-]{appendix.C.2}{\376\377\000S\000p\000e\000c\000k\000l\000e\000\040\000s\000i\000z\000e\000\040\000f\000o\000r\000\040\000p\000o\000s\000i\000t\000i\000v\000e\000\040\000d\000e\000f\000o\000c\000u\000s}{appendix.C}% 48
\BOOKMARK [1][-]{appendix.C.3}{\376\377\000S\000u\000r\000f\000a\000c\000e\000\040\000m\000a\000p\000s\000\040\000f\000o\000r\000\040\000a\000\040\0007\000\040\000c\000m\000\040\000f\000i\000e\000l\000d\000\040\000o\000f\000\040\000v\000i\000e\000w}{appendix.C}% 49
